%!Adobe-FontList 1.14
%Locale:0x419

%BeginFont
Handler:DirectoryHandler
FontType:Type1
FontName:CharterITC-BoldItalic
FamilyName:CharterITC
StyleName:Bold Italic
FullName:CharterITC Bold Italic
MenuName:CharterITC
StyleBits:3
WritingScript:Roman
OutlineFileName:d:\Sources\Flash\jewelleryConstructor\Font\CharterITC Bold Italic.otf
DataFormat:sfntData
UsesStandardEncoding:yes
isCFF:yes
FileLength:174176
FileModTime:1340443212
WeightClass:700
WidthClass:5
AngleClass:1
%EndFont

%BeginFont
Handler:DirectoryHandler
FontType:Type1
FontName:CharterITC-Bold
FamilyName:CharterITC
StyleName:Bold
FullName:CharterITC Bold
MenuName:CharterITC
StyleBits:2
WritingScript:Roman
OutlineFileName:d:\Sources\Flash\jewelleryConstructor\Font\CharterITC Bold.otf
DataFormat:sfntData
UsesStandardEncoding:yes
isCFF:yes
FileLength:218108
FileModTime:1340443322
WeightClass:700
WidthClass:5
AngleClass:0
%EndFont

%BeginFont
Handler:DirectoryHandler
FontType:Type1
FontName:CharterITC-Italic
FamilyName:CharterITC
StyleName:Italic
FullName:CharterITC Italic
MenuName:CharterITC
StyleBits:1
WritingScript:Roman
OutlineFileName:d:\Sources\Flash\jewelleryConstructor\Font\CharterITC Italic.otf
DataFormat:sfntData
UsesStandardEncoding:yes
isCFF:yes
FileLength:173060
FileModTime:1340443322
WeightClass:400
WidthClass:5
AngleClass:1
%EndFont

%BeginFont
Handler:DirectoryHandler
FontType:Type1
FontName:CharterITC
FamilyName:CharterITC
StyleName:Regular
FullName:CharterITC
MenuName:CharterITC
StyleBits:0
WritingScript:Roman
OutlineFileName:d:\Sources\Flash\jewelleryConstructor\Font\CharterITC.otf
DataFormat:sfntData
UsesStandardEncoding:yes
isCFF:yes
FileLength:221164
FileModTime:1340443212
WeightClass:400
WidthClass:5
AngleClass:0
%EndFont

%BeginFont
Handler:DirectoryHandler
FontType:Type1
FontName:CharterITCBlack-Italic
FamilyName:CharterITCBlack
StyleName:Italic
FullName:CharterITCBlack Italic
MenuName:CharterITCBlack
StyleBits:1
WritingScript:Roman
OutlineFileName:d:\Sources\Flash\jewelleryConstructor\Font\CharterITCBlack Italic.otf
DataFormat:sfntData
UsesStandardEncoding:yes
isCFF:yes
FileLength:171660
FileModTime:1340443212
WeightClass:400
WidthClass:5
AngleClass:1
%EndFont

%BeginFont
Handler:DirectoryHandler
FontType:Type1
FontName:CharterITCBlack
FamilyName:CharterITCBlack
StyleName:Regular
FullName:CharterITCBlack
MenuName:CharterITCBlack
StyleBits:0
WritingScript:Roman
OutlineFileName:d:\Sources\Flash\jewelleryConstructor\Font\CharterITCBlack.otf
DataFormat:sfntData
UsesStandardEncoding:yes
isCFF:yes
FileLength:163548
FileModTime:1340443212
WeightClass:400
WidthClass:5
AngleClass:0
%EndFont

